***EXPERIMENT PLANS***

plan 1:
	trial 1: choice = absent, personalization = social media content
plan 2:
	trial 1: choice = present, personalization = social media collaborative
plan 3:
	trial 1: choice = present, personalization = social_media_demographic
plan 4:
	trial 1: choice = absent, personalization = social media content
plan 5:
	trial 1: choice = present, personalization = social media content
plan 6:
	trial 1: choice = absent, personalization = social_media_demographic
plan 7:
	trial 1: choice = present, personalization = social_media_demographic
plan 8:
	trial 1: choice = absent, personalization = social_media_demographic
plan 9:
	trial 1: choice = absent, personalization = social_media_demographic
plan 10:
	trial 1: choice = present, personalization = in_app_demographic
plan 11:
	trial 1: choice = present, personalization = social media content
plan 12:
	trial 1: choice = absent, personalization = social_media_demographic
plan 13:
	trial 1: choice = absent, personalization = in_app_content
plan 14:
	trial 1: choice = absent, personalization = social media content
plan 15:
	trial 1: choice = present, personalization = social media content
plan 16:
	trial 1: choice = absent, personalization = in_app_content
plan 17:
	trial 1: choice = absent, personalization = social_media_demographic
plan 18:
	trial 1: choice = absent, personalization = social_media_demographic
plan 19:
	trial 1: choice = present, personalization = social media content
plan 20:
	trial 1: choice = absent, personalization = in_app_demographic
plan 21:
	trial 1: choice = absent, personalization = social media content
plan 22:
	trial 1: choice = present, personalization = in_app_demographic
plan 23:
	trial 1: choice = absent, personalization = social media collaborative
plan 24:
	trial 1: choice = absent, personalization = social_media_demographic
plan 25:
	trial 1: choice = absent, personalization = in_app_demographic
plan 26:
	trial 1: choice = present, personalization = social media collaborative
plan 27:
	trial 1: choice = present, personalization = social media content
plan 28:
	trial 1: choice = present, personalization = social media collaborative
plan 29:
	trial 1: choice = absent, personalization = social_media_demographic
plan 30:
	trial 1: choice = absent, personalization = social media collaborative
plan 31:
	trial 1: choice = present, personalization = social_media_demographic
plan 32:
	trial 1: choice = present, personalization = in_app_collaborative
plan 33:
	trial 1: choice = present, personalization = in_app_collaborative
plan 34:
	trial 1: choice = absent, personalization = in_app_demographic
plan 35:
	trial 1: choice = absent, personalization = social media content
plan 36:
	trial 1: choice = present, personalization = in_app_demographic
plan 37:
	trial 1: choice = present, personalization = in_app_collaborative
plan 38:
	trial 1: choice = absent, personalization = social_media_demographic
plan 39:
	trial 1: choice = absent, personalization = social media content
plan 40:
	trial 1: choice = present, personalization = in_app_content
plan 41:
	trial 1: choice = absent, personalization = in_app_content
plan 42:
	trial 1: choice = present, personalization = in_app_content
plan 43:
	trial 1: choice = present, personalization = in_app_collaborative
plan 44:
	trial 1: choice = absent, personalization = in_app_content
plan 45:
	trial 1: choice = absent, personalization = in_app_demographic
plan 46:
	trial 1: choice = absent, personalization = in_app_demographic
plan 47:
	trial 1: choice = absent, personalization = in_app_content
plan 48:
	trial 1: choice = present, personalization = in_app_content
plan 49:
	trial 1: choice = absent, personalization = in_app_demographic
plan 50:
	trial 1: choice = absent, personalization = social media collaborative
plan 51:
	trial 1: choice = present, personalization = social media content
plan 52:
	trial 1: choice = absent, personalization = social_media_demographic
plan 53:
	trial 1: choice = present, personalization = social media collaborative
plan 54:
	trial 1: choice = absent, personalization = social_media_demographic
plan 55:
	trial 1: choice = present, personalization = in_app_demographic
plan 56:
	trial 1: choice = present, personalization = social media content
plan 57:
	trial 1: choice = absent, personalization = in_app_demographic
plan 58:
	trial 1: choice = present, personalization = in_app_collaborative
plan 59:
	trial 1: choice = absent, personalization = in_app_demographic
plan 60:
	trial 1: choice = absent, personalization = social media collaborative
plan 61:
	trial 1: choice = present, personalization = in_app_collaborative
plan 62:
	trial 1: choice = absent, personalization = social media collaborative
plan 63:
	trial 1: choice = absent, personalization = social media collaborative
plan 64:
	trial 1: choice = present, personalization = social media collaborative
plan 65:
	trial 1: choice = present, personalization = social media collaborative
plan 66:
	trial 1: choice = absent, personalization = in_app_collaborative
plan 67:
	trial 1: choice = present, personalization = in_app_collaborative
plan 68:
	trial 1: choice = absent, personalization = social media content
plan 69:
	trial 1: choice = present, personalization = in_app_collaborative
plan 70:
	trial 1: choice = absent, personalization = social media content
plan 71:
	trial 1: choice = absent, personalization = in_app_collaborative
plan 72:
	trial 1: choice = present, personalization = in_app_content
plan 73:
	trial 1: choice = present, personalization = in_app_demographic
plan 74:
	trial 1: choice = absent, personalization = social_media_demographic
plan 75:
	trial 1: choice = present, personalization = in_app_content
plan 76:
	trial 1: choice = absent, personalization = social_media_demographic
plan 77:
	trial 1: choice = absent, personalization = social media collaborative
plan 78:
	trial 1: choice = present, personalization = in_app_collaborative
plan 79:
	trial 1: choice = present, personalization = social_media_demographic
plan 80:
	trial 1: choice = present, personalization = in_app_content
plan 81:
	trial 1: choice = present, personalization = in_app_content
plan 82:
	trial 1: choice = present, personalization = in_app_demographic
plan 83:
	trial 1: choice = absent, personalization = in_app_demographic
plan 84:
	trial 1: choice = absent, personalization = in_app_content
plan 85:
	trial 1: choice = present, personalization = in_app_content
plan 86:
	trial 1: choice = absent, personalization = social media collaborative
plan 87:
	trial 1: choice = present, personalization = social_media_demographic
plan 88:
	trial 1: choice = absent, personalization = in_app_collaborative
plan 89:
	trial 1: choice = present, personalization = social media collaborative
plan 90:
	trial 1: choice = absent, personalization = in_app_content
plan 91:
	trial 1: choice = absent, personalization = in_app_demographic
plan 92:
	trial 1: choice = absent, personalization = social media collaborative
plan 93:
	trial 1: choice = present, personalization = in_app_collaborative
plan 94:
	trial 1: choice = absent, personalization = social media content
plan 95:
	trial 1: choice = present, personalization = in_app_collaborative
plan 96:
	trial 1: choice = present, personalization = social media content
plan 97:
	trial 1: choice = present, personalization = in_app_demographic
plan 98:
	trial 1: choice = absent, personalization = social media content
plan 99:
	trial 1: choice = absent, personalization = in_app_collaborative
plan 100:
	trial 1: choice = absent, personalization = in_app_demographic
plan 101:
	trial 1: choice = present, personalization = in_app_demographic
plan 102:
	trial 1: choice = absent, personalization = social media content
plan 103:
	trial 1: choice = absent, personalization = social_media_demographic
plan 104:
	trial 1: choice = absent, personalization = in_app_content
plan 105:
	trial 1: choice = present, personalization = social_media_demographic
plan 106:
	trial 1: choice = present, personalization = social media content
plan 107:
	trial 1: choice = present, personalization = social_media_demographic
plan 108:
	trial 1: choice = absent, personalization = in_app_demographic
plan 109:
	trial 1: choice = absent, personalization = social_media_demographic
plan 110:
	trial 1: choice = present, personalization = social media content
plan 111:
	trial 1: choice = absent, personalization = social media collaborative
plan 112:
	trial 1: choice = present, personalization = social media content
plan 113:
	trial 1: choice = present, personalization = in_app_collaborative
plan 114:
	trial 1: choice = present, personalization = in_app_demographic
plan 115:
	trial 1: choice = absent, personalization = in_app_content
plan 116:
	trial 1: choice = absent, personalization = social_media_demographic
plan 117:
	trial 1: choice = absent, personalization = social media content
plan 118:
	trial 1: choice = present, personalization = social media collaborative
plan 119:
	trial 1: choice = present, personalization = in_app_content
plan 120:
	trial 1: choice = present, personalization = in_app_demographic
plan 121:
	trial 1: choice = absent, personalization = social media collaborative
plan 122:
	trial 1: choice = present, personalization = social media content
plan 123:
	trial 1: choice = absent, personalization = social media content
plan 124:
	trial 1: choice = present, personalization = in_app_content
plan 125:
	trial 1: choice = present, personalization = social media content
plan 126:
	trial 1: choice = present, personalization = in_app_content
plan 127:
	trial 1: choice = present, personalization = social media content
plan 128:
	trial 1: choice = present, personalization = in_app_collaborative
plan 129:
	trial 1: choice = present, personalization = social_media_demographic
plan 130:
	trial 1: choice = absent, personalization = in_app_content
plan 131:
	trial 1: choice = present, personalization = in_app_demographic
plan 132:
	trial 1: choice = present, personalization = in_app_demographic
plan 133:
	trial 1: choice = absent, personalization = in_app_demographic
plan 134:
	trial 1: choice = absent, personalization = in_app_collaborative
plan 135:
	trial 1: choice = present, personalization = in_app_collaborative
plan 136:
	trial 1: choice = absent, personalization = in_app_content
plan 137:
	trial 1: choice = present, personalization = social media collaborative
plan 138:
	trial 1: choice = absent, personalization = social media collaborative
plan 139:
	trial 1: choice = present, personalization = social media content
plan 140:
	trial 1: choice = present, personalization = social media collaborative
plan 141:
	trial 1: choice = present, personalization = in_app_content
plan 142:
	trial 1: choice = present, personalization = social_media_demographic
plan 143:
	trial 1: choice = present, personalization = social_media_demographic
plan 144:
	trial 1: choice = absent, personalization = social media content
plan 145:
	trial 1: choice = present, personalization = social media collaborative
plan 146:
	trial 1: choice = absent, personalization = social media content
plan 147:
	trial 1: choice = present, personalization = in_app_collaborative
plan 148:
	trial 1: choice = absent, personalization = social media collaborative
plan 149:
	trial 1: choice = absent, personalization = in_app_collaborative
plan 150:
	trial 1: choice = present, personalization = social media collaborative
plan 151:
	trial 1: choice = absent, personalization = in_app_demographic
plan 152:
	trial 1: choice = absent, personalization = social media collaborative
plan 153:
	trial 1: choice = present, personalization = social media collaborative
plan 154:
	trial 1: choice = present, personalization = social media content
plan 155:
	trial 1: choice = absent, personalization = social media content
plan 156:
	trial 1: choice = present, personalization = in_app_collaborative
plan 157:
	trial 1: choice = present, personalization = in_app_demographic
plan 158:
	trial 1: choice = absent, personalization = social media content
plan 159:
	trial 1: choice = absent, personalization = social media content
plan 160:
	trial 1: choice = absent, personalization = in_app_content
plan 161:
	trial 1: choice = absent, personalization = social media collaborative
plan 162:
	trial 1: choice = present, personalization = social_media_demographic
plan 163:
	trial 1: choice = absent, personalization = in_app_demographic
plan 164:
	trial 1: choice = present, personalization = social_media_demographic
plan 165:
	trial 1: choice = present, personalization = social_media_demographic
plan 166:
	trial 1: choice = present, personalization = in_app_collaborative
plan 167:
	trial 1: choice = absent, personalization = social media collaborative
plan 168:
	trial 1: choice = absent, personalization = in_app_demographic
plan 169:
	trial 1: choice = absent, personalization = in_app_content
plan 170:
	trial 1: choice = present, personalization = social media content
plan 171:
	trial 1: choice = present, personalization = in_app_collaborative
plan 172:
	trial 1: choice = present, personalization = in_app_collaborative
plan 173:
	trial 1: choice = present, personalization = in_app_content
plan 174:
	trial 1: choice = present, personalization = social media content
plan 175:
	trial 1: choice = absent, personalization = social_media_demographic
plan 176:
	trial 1: choice = absent, personalization = in_app_demographic
plan 177:
	trial 1: choice = present, personalization = in_app_content
plan 178:
	trial 1: choice = absent, personalization = social media collaborative
plan 179:
	trial 1: choice = present, personalization = in_app_content
plan 180:
	trial 1: choice = present, personalization = social_media_demographic
plan 181:
	trial 1: choice = present, personalization = social media content
plan 182:
	trial 1: choice = present, personalization = in_app_content
plan 183:
	trial 1: choice = absent, personalization = in_app_content
plan 184:
	trial 1: choice = present, personalization = social media collaborative
plan 185:
	trial 1: choice = present, personalization = social media content
plan 186:
	trial 1: choice = present, personalization = social media collaborative
plan 187:
	trial 1: choice = present, personalization = in_app_collaborative
plan 188:
	trial 1: choice = absent, personalization = in_app_demographic
plan 189:
	trial 1: choice = present, personalization = in_app_collaborative
plan 190:
	trial 1: choice = absent, personalization = social media collaborative
plan 191:
	trial 1: choice = absent, personalization = social media content
plan 192:
	trial 1: choice = absent, personalization = in_app_content
plan 193:
	trial 1: choice = absent, personalization = in_app_demographic
plan 194:
	trial 1: choice = absent, personalization = in_app_content
plan 195:
	trial 1: choice = absent, personalization = in_app_demographic
plan 196:
	trial 1: choice = absent, personalization = social media collaborative
plan 197:
	trial 1: choice = absent, personalization = social_media_demographic
plan 198:
	trial 1: choice = absent, personalization = in_app_collaborative
plan 199:
	trial 1: choice = absent, personalization = in_app_collaborative
plan 200:
	trial 1: choice = present, personalization = in_app_content
plan 201:
	trial 1: choice = absent, personalization = social media content
plan 202:
	trial 1: choice = absent, personalization = in_app_collaborative
plan 203:
	trial 1: choice = present, personalization = social media content
plan 204:
	trial 1: choice = present, personalization = social media collaborative
plan 205:
	trial 1: choice = absent, personalization = in_app_demographic
plan 206:
	trial 1: choice = present, personalization = in_app_content
plan 207:
	trial 1: choice = absent, personalization = social media collaborative
plan 208:
	trial 1: choice = absent, personalization = in_app_collaborative
plan 209:
	trial 1: choice = absent, personalization = in_app_demographic
plan 210:
	trial 1: choice = present, personalization = in_app_demographic
plan 211:
	trial 1: choice = absent, personalization = social_media_demographic
plan 212:
	trial 1: choice = present, personalization = in_app_demographic
plan 213:
	trial 1: choice = absent, personalization = social media collaborative
plan 214:
	trial 1: choice = absent, personalization = in_app_demographic
plan 215:
	trial 1: choice = present, personalization = in_app_collaborative
plan 216:
	trial 1: choice = absent, personalization = social media collaborative
plan 217:
	trial 1: choice = present, personalization = in_app_content
plan 218:
	trial 1: choice = present, personalization = in_app_collaborative
plan 219:
	trial 1: choice = absent, personalization = social media content
plan 220:
	trial 1: choice = absent, personalization = social_media_demographic
plan 221:
	trial 1: choice = absent, personalization = social media collaborative
plan 222:
	trial 1: choice = absent, personalization = in_app_demographic
plan 223:
	trial 1: choice = present, personalization = in_app_collaborative
plan 224:
	trial 1: choice = present, personalization = social_media_demographic
plan 225:
	trial 1: choice = present, personalization = in_app_content
plan 226:
	trial 1: choice = absent, personalization = in_app_demographic
plan 227:
	trial 1: choice = present, personalization = in_app_content
plan 228:
	trial 1: choice = present, personalization = in_app_demographic
plan 229:
	trial 1: choice = absent, personalization = social_media_demographic
plan 230:
	trial 1: choice = absent, personalization = in_app_collaborative
plan 231:
	trial 1: choice = absent, personalization = in_app_content
plan 232:
	trial 1: choice = present, personalization = in_app_demographic
plan 233:
	trial 1: choice = absent, personalization = in_app_demographic
plan 234:
	trial 1: choice = present, personalization = social media content
plan 235:
	trial 1: choice = present, personalization = in_app_demographic
plan 236:
	trial 1: choice = absent, personalization = in_app_demographic
plan 237:
	trial 1: choice = absent, personalization = in_app_collaborative
plan 238:
	trial 1: choice = present, personalization = social media content
plan 239:
	trial 1: choice = absent, personalization = in_app_collaborative
plan 240:
	trial 1: choice = absent, personalization = in_app_content
plan 241:
	trial 1: choice = present, personalization = social media collaborative
plan 242:
	trial 1: choice = present, personalization = in_app_content
plan 243:
	trial 1: choice = absent, personalization = social_media_demographic
plan 244:
	trial 1: choice = absent, personalization = in_app_demographic
plan 245:
	trial 1: choice = present, personalization = social_media_demographic
plan 246:
	trial 1: choice = absent, personalization = social_media_demographic
plan 247:
	trial 1: choice = absent, personalization = in_app_content
plan 248:
	trial 1: choice = present, personalization = social media collaborative
plan 249:
	trial 1: choice = absent, personalization = in_app_demographic
plan 250:
	trial 1: choice = absent, personalization = social media collaborative
plan 251:
	trial 1: choice = absent, personalization = social media collaborative
plan 252:
	trial 1: choice = present, personalization = social media collaborative
plan 253:
	trial 1: choice = present, personalization = social_media_demographic
plan 254:
	trial 1: choice = absent, personalization = in_app_content
plan 255:
	trial 1: choice = absent, personalization = in_app_content
plan 256:
	trial 1: choice = absent, personalization = in_app_collaborative
plan 257:
	trial 1: choice = present, personalization = in_app_demographic
plan 258:
	trial 1: choice = present, personalization = social media collaborative
plan 259:
	trial 1: choice = present, personalization = in_app_demographic
plan 260:
	trial 1: choice = present, personalization = social media content
plan 261:
	trial 1: choice = absent, personalization = social media collaborative
plan 262:
	trial 1: choice = absent, personalization = in_app_demographic
plan 263:
	trial 1: choice = present, personalization = in_app_collaborative
plan 264:
	trial 1: choice = absent, personalization = social media content
plan 265:
	trial 1: choice = absent, personalization = social media collaborative
plan 266:
	trial 1: choice = present, personalization = in_app_content
plan 267:
	trial 1: choice = absent, personalization = in_app_demographic
plan 268:
	trial 1: choice = present, personalization = social_media_demographic
plan 269:
	trial 1: choice = absent, personalization = in_app_content
plan 270:
	trial 1: choice = present, personalization = in_app_demographic
plan 271:
	trial 1: choice = absent, personalization = in_app_content
plan 272:
	trial 1: choice = absent, personalization = social media collaborative
plan 273:
	trial 1: choice = absent, personalization = in_app_content
plan 274:
	trial 1: choice = present, personalization = social media collaborative
plan 275:
	trial 1: choice = absent, personalization = social media collaborative
plan 276:
	trial 1: choice = absent, personalization = social media content
plan 277:
	trial 1: choice = absent, personalization = in_app_demographic
plan 278:
	trial 1: choice = absent, personalization = social_media_demographic
plan 279:
	trial 1: choice = absent, personalization = social_media_demographic
plan 280:
	trial 1: choice = absent, personalization = social media collaborative
plan 281:
	trial 1: choice = present, personalization = social media content
plan 282:
	trial 1: choice = present, personalization = in_app_collaborative
plan 283:
	trial 1: choice = absent, personalization = social media collaborative
plan 284:
	trial 1: choice = absent, personalization = social_media_demographic
plan 285:
	trial 1: choice = absent, personalization = social media content
plan 286:
	trial 1: choice = absent, personalization = in_app_collaborative
plan 287:
	trial 1: choice = present, personalization = social_media_demographic
plan 288:
	trial 1: choice = absent, personalization = social media collaborative
plan 289:
	trial 1: choice = absent, personalization = social media content
plan 290:
	trial 1: choice = present, personalization = in_app_content
plan 291:
	trial 1: choice = absent, personalization = in_app_content
plan 292:
	trial 1: choice = absent, personalization = in_app_demographic
plan 293:
	trial 1: choice = present, personalization = social_media_demographic
plan 294:
	trial 1: choice = present, personalization = in_app_content
plan 295:
	trial 1: choice = present, personalization = in_app_content
plan 296:
	trial 1: choice = absent, personalization = in_app_collaborative
plan 297:
	trial 1: choice = absent, personalization = in_app_collaborative
plan 298:
	trial 1: choice = present, personalization = in_app_content
plan 299:
	trial 1: choice = absent, personalization = in_app_demographic
plan 300:
	trial 1: choice = present, personalization = in_app_demographic
plan 301:
	trial 1: choice = absent, personalization = social_media_demographic
plan 302:
	trial 1: choice = absent, personalization = social media collaborative
plan 303:
	trial 1: choice = present, personalization = in_app_content
plan 304:
	trial 1: choice = absent, personalization = social media content
plan 305:
	trial 1: choice = present, personalization = social media content
plan 306:
	trial 1: choice = present, personalization = in_app_content
plan 307:
	trial 1: choice = present, personalization = in_app_content
plan 308:
	trial 1: choice = absent, personalization = in_app_collaborative
plan 309:
	trial 1: choice = absent, personalization = in_app_collaborative
plan 310:
	trial 1: choice = present, personalization = in_app_collaborative
plan 311:
	trial 1: choice = absent, personalization = social media content
plan 312:
	trial 1: choice = present, personalization = social media collaborative
plan 313:
	trial 1: choice = absent, personalization = in_app_collaborative
plan 314:
	trial 1: choice = absent, personalization = in_app_demographic
plan 315:
	trial 1: choice = absent, personalization = in_app_collaborative
plan 316:
	trial 1: choice = present, personalization = in_app_collaborative
plan 317:
	trial 1: choice = absent, personalization = in_app_collaborative
plan 318:
	trial 1: choice = present, personalization = social_media_demographic
plan 319:
	trial 1: choice = present, personalization = in_app_collaborative
plan 320:
	trial 1: choice = absent, personalization = social media collaborative
plan 321:
	trial 1: choice = absent, personalization = in_app_demographic
plan 322:
	trial 1: choice = present, personalization = in_app_collaborative
plan 323:
	trial 1: choice = absent, personalization = social_media_demographic
plan 324:
	trial 1: choice = absent, personalization = in_app_collaborative
plan 325:
	trial 1: choice = present, personalization = social media collaborative
plan 326:
	trial 1: choice = absent, personalization = social media collaborative
plan 327:
	trial 1: choice = present, personalization = in_app_content
plan 328:
	trial 1: choice = present, personalization = social_media_demographic
plan 329:
	trial 1: choice = absent, personalization = in_app_collaborative
plan 330:
	trial 1: choice = absent, personalization = in_app_collaborative
plan 331:
	trial 1: choice = absent, personalization = in_app_collaborative
plan 332:
	trial 1: choice = present, personalization = social_media_demographic
plan 333:
	trial 1: choice = present, personalization = social_media_demographic
plan 334:
	trial 1: choice = absent, personalization = in_app_demographic
plan 335:
	trial 1: choice = absent, personalization = in_app_collaborative
plan 336:
	trial 1: choice = absent, personalization = in_app_collaborative
plan 337:
	trial 1: choice = present, personalization = in_app_collaborative
plan 338:
	trial 1: choice = absent, personalization = in_app_demographic
plan 339:
	trial 1: choice = absent, personalization = social media content
plan 340:
	trial 1: choice = present, personalization = in_app_content
plan 341:
	trial 1: choice = absent, personalization = in_app_collaborative
 

***ASSIGNMENT***

     pid  plan
0      1   283
1      2    32
2      3   207
3      4   276
4      5   102
..   ...   ...
336  337    99
337  338    92
338  339   263
339  340    56
340  341   129

[341 rows x 2 columns]
