***EXPERIMENT PLANS***

plan 1:
	trial 1: footstep = fore, posture = straight
	trial 2: footstep = full, posture = back
	trial 3: footstep = fore, posture = desk
	trial 4: footstep = full, posture = straight
	trial 5: footstep = rear, posture = straight
	trial 6: footstep = fore, posture = back
	trial 7: footstep = rear, posture = back
	trial 8: footstep = rear, posture = desk
	trial 9: footstep = full, posture = desk
plan 2:
	trial 1: footstep = full, posture = back
	trial 2: footstep = fore, posture = back
	trial 3: footstep = rear, posture = straight
	trial 4: footstep = rear, posture = back
	trial 5: footstep = fore, posture = straight
	trial 6: footstep = rear, posture = desk
	trial 7: footstep = full, posture = desk
	trial 8: footstep = full, posture = straight
	trial 9: footstep = fore, posture = desk
plan 3:
	trial 1: footstep = full, posture = straight
	trial 2: footstep = fore, posture = desk
	trial 3: footstep = full, posture = back
	trial 4: footstep = full, posture = desk
	trial 5: footstep = rear, posture = back
	trial 6: footstep = rear, posture = straight
	trial 7: footstep = fore, posture = back
	trial 8: footstep = fore, posture = straight
	trial 9: footstep = rear, posture = desk
plan 4:
	trial 1: footstep = fore, posture = desk
	trial 2: footstep = full, posture = desk
	trial 3: footstep = fore, posture = back
	trial 4: footstep = rear, posture = straight
	trial 5: footstep = full, posture = back
	trial 6: footstep = fore, posture = straight
	trial 7: footstep = rear, posture = desk
	trial 8: footstep = rear, posture = back
	trial 9: footstep = full, posture = straight
plan 5:
	trial 1: footstep = full, posture = desk
	trial 2: footstep = rear, posture = back
	trial 3: footstep = fore, posture = straight
	trial 4: footstep = rear, posture = desk
	trial 5: footstep = full, posture = straight
	trial 6: footstep = full, posture = back
	trial 7: footstep = fore, posture = desk
	trial 8: footstep = rear, posture = straight
	trial 9: footstep = fore, posture = back
plan 6:
	trial 1: footstep = rear, posture = straight
	trial 2: footstep = fore, posture = straight
	trial 3: footstep = rear, posture = desk
	trial 4: footstep = fore, posture = desk
	trial 5: footstep = full, posture = desk
	trial 6: footstep = full, posture = straight
	trial 7: footstep = full, posture = back
	trial 8: footstep = fore, posture = back
	trial 9: footstep = rear, posture = back
plan 7:
	trial 1: footstep = rear, posture = desk
	trial 2: footstep = rear, posture = straight
	trial 3: footstep = full, posture = desk
	trial 4: footstep = fore, posture = straight
	trial 5: footstep = fore, posture = back
	trial 6: footstep = rear, posture = back
	trial 7: footstep = full, posture = straight
	trial 8: footstep = fore, posture = desk
	trial 9: footstep = full, posture = back
plan 8:
	trial 1: footstep = fore, posture = back
	trial 2: footstep = full, posture = straight
	trial 3: footstep = rear, posture = back
	trial 4: footstep = full, posture = back
	trial 5: footstep = rear, posture = desk
	trial 6: footstep = fore, posture = desk
	trial 7: footstep = fore, posture = straight
	trial 8: footstep = full, posture = desk
	trial 9: footstep = rear, posture = straight
plan 9:
	trial 1: footstep = rear, posture = back
	trial 2: footstep = rear, posture = desk
	trial 3: footstep = full, posture = straight
	trial 4: footstep = fore, posture = back
	trial 5: footstep = fore, posture = desk
	trial 6: footstep = full, posture = desk
	trial 7: footstep = rear, posture = straight
	trial 8: footstep = full, posture = back
	trial 9: footstep = fore, posture = straight
 

***ASSIGNMENT***

    pid  plan
0     1     4
1     2     8
2     3     3
3     4     8
4     5     7
5     6     1
6     7     1
7     8     5
8     9     5
9    10     0
10   11     6
11   12     2
12   13     7
13   14     4
14   15     6
15   16     0
16   17     2
17   18     3
