***EXPERIMENT PLANS***

plan 1:
	trial 1: Electrode Conditions = 9, Number of Grains = 19
	trial 2: Electrode Conditions = 4, Number of Grains = 19
	trial 3: Electrode Conditions = 4, Number of Grains = 9
	trial 4: Electrode Conditions = 9, Number of Grains = 9
	trial 5: Electrode Conditions = 9, Number of Grains = 39
	trial 6: Electrode Conditions = 0, Number of Grains = 39
	trial 7: Electrode Conditions = 6, Number of Grains = 19
	trial 8: Electrode Conditions = 6, Number of Grains = 9
	trial 9: Electrode Conditions = 0, Number of Grains = 19
	trial 10: Electrode Conditions = 6, Number of Grains = 39
	trial 11: Electrode Conditions = 0, Number of Grains = 9
	trial 12: Electrode Conditions = 4, Number of Grains = 39
	trial 13: Electrode Conditions = 9, Number of Grains = 19
	trial 14: Electrode Conditions = 4, Number of Grains = 19
	trial 15: Electrode Conditions = 4, Number of Grains = 9
	trial 16: Electrode Conditions = 9, Number of Grains = 9
	trial 17: Electrode Conditions = 9, Number of Grains = 39
	trial 18: Electrode Conditions = 0, Number of Grains = 39
	trial 19: Electrode Conditions = 6, Number of Grains = 19
	trial 20: Electrode Conditions = 6, Number of Grains = 9
	trial 21: Electrode Conditions = 0, Number of Grains = 19
	trial 22: Electrode Conditions = 6, Number of Grains = 39
	trial 23: Electrode Conditions = 0, Number of Grains = 9
	trial 24: Electrode Conditions = 4, Number of Grains = 39
	trial 25: Electrode Conditions = 9, Number of Grains = 19
	trial 26: Electrode Conditions = 4, Number of Grains = 19
	trial 27: Electrode Conditions = 4, Number of Grains = 9
	trial 28: Electrode Conditions = 9, Number of Grains = 9
	trial 29: Electrode Conditions = 9, Number of Grains = 39
	trial 30: Electrode Conditions = 0, Number of Grains = 39
	trial 31: Electrode Conditions = 6, Number of Grains = 19
	trial 32: Electrode Conditions = 6, Number of Grains = 9
	trial 33: Electrode Conditions = 0, Number of Grains = 19
	trial 34: Electrode Conditions = 6, Number of Grains = 39
	trial 35: Electrode Conditions = 0, Number of Grains = 9
	trial 36: Electrode Conditions = 4, Number of Grains = 39
plan 2:
	trial 1: Electrode Conditions = 6, Number of Grains = 19
	trial 2: Electrode Conditions = 9, Number of Grains = 39
	trial 3: Electrode Conditions = 4, Number of Grains = 9
	trial 4: Electrode Conditions = 9, Number of Grains = 9
	trial 5: Electrode Conditions = 6, Number of Grains = 39
	trial 6: Electrode Conditions = 4, Number of Grains = 39
	trial 7: Electrode Conditions = 0, Number of Grains = 39
	trial 8: Electrode Conditions = 9, Number of Grains = 19
	trial 9: Electrode Conditions = 6, Number of Grains = 9
	trial 10: Electrode Conditions = 4, Number of Grains = 19
	trial 11: Electrode Conditions = 0, Number of Grains = 9
	trial 12: Electrode Conditions = 0, Number of Grains = 19
	trial 13: Electrode Conditions = 6, Number of Grains = 19
	trial 14: Electrode Conditions = 9, Number of Grains = 39
	trial 15: Electrode Conditions = 4, Number of Grains = 9
	trial 16: Electrode Conditions = 9, Number of Grains = 9
	trial 17: Electrode Conditions = 6, Number of Grains = 39
	trial 18: Electrode Conditions = 4, Number of Grains = 39
	trial 19: Electrode Conditions = 0, Number of Grains = 39
	trial 20: Electrode Conditions = 9, Number of Grains = 19
	trial 21: Electrode Conditions = 6, Number of Grains = 9
	trial 22: Electrode Conditions = 4, Number of Grains = 19
	trial 23: Electrode Conditions = 0, Number of Grains = 9
	trial 24: Electrode Conditions = 0, Number of Grains = 19
	trial 25: Electrode Conditions = 6, Number of Grains = 19
	trial 26: Electrode Conditions = 9, Number of Grains = 39
	trial 27: Electrode Conditions = 4, Number of Grains = 9
	trial 28: Electrode Conditions = 9, Number of Grains = 9
	trial 29: Electrode Conditions = 6, Number of Grains = 39
	trial 30: Electrode Conditions = 4, Number of Grains = 39
	trial 31: Electrode Conditions = 0, Number of Grains = 39
	trial 32: Electrode Conditions = 9, Number of Grains = 19
	trial 33: Electrode Conditions = 6, Number of Grains = 9
	trial 34: Electrode Conditions = 4, Number of Grains = 19
	trial 35: Electrode Conditions = 0, Number of Grains = 9
	trial 36: Electrode Conditions = 0, Number of Grains = 19
plan 3:
	trial 1: Electrode Conditions = 6, Number of Grains = 19
	trial 2: Electrode Conditions = 9, Number of Grains = 39
	trial 3: Electrode Conditions = 4, Number of Grains = 9
	trial 4: Electrode Conditions = 4, Number of Grains = 19
	trial 5: Electrode Conditions = 9, Number of Grains = 9
	trial 6: Electrode Conditions = 6, Number of Grains = 9
	trial 7: Electrode Conditions = 0, Number of Grains = 39
	trial 8: Electrode Conditions = 9, Number of Grains = 19
	trial 9: Electrode Conditions = 0, Number of Grains = 19
	trial 10: Electrode Conditions = 6, Number of Grains = 39
	trial 11: Electrode Conditions = 0, Number of Grains = 9
	trial 12: Electrode Conditions = 4, Number of Grains = 39
	trial 13: Electrode Conditions = 6, Number of Grains = 19
	trial 14: Electrode Conditions = 9, Number of Grains = 39
	trial 15: Electrode Conditions = 4, Number of Grains = 9
	trial 16: Electrode Conditions = 4, Number of Grains = 19
	trial 17: Electrode Conditions = 9, Number of Grains = 9
	trial 18: Electrode Conditions = 6, Number of Grains = 9
	trial 19: Electrode Conditions = 0, Number of Grains = 39
	trial 20: Electrode Conditions = 9, Number of Grains = 19
	trial 21: Electrode Conditions = 0, Number of Grains = 19
	trial 22: Electrode Conditions = 6, Number of Grains = 39
	trial 23: Electrode Conditions = 0, Number of Grains = 9
	trial 24: Electrode Conditions = 4, Number of Grains = 39
	trial 25: Electrode Conditions = 6, Number of Grains = 19
	trial 26: Electrode Conditions = 9, Number of Grains = 39
	trial 27: Electrode Conditions = 4, Number of Grains = 9
	trial 28: Electrode Conditions = 4, Number of Grains = 19
	trial 29: Electrode Conditions = 9, Number of Grains = 9
	trial 30: Electrode Conditions = 6, Number of Grains = 9
	trial 31: Electrode Conditions = 0, Number of Grains = 39
	trial 32: Electrode Conditions = 9, Number of Grains = 19
	trial 33: Electrode Conditions = 0, Number of Grains = 19
	trial 34: Electrode Conditions = 6, Number of Grains = 39
	trial 35: Electrode Conditions = 0, Number of Grains = 9
	trial 36: Electrode Conditions = 4, Number of Grains = 39
plan 4:
	trial 1: Electrode Conditions = 0, Number of Grains = 19
	trial 2: Electrode Conditions = 0, Number of Grains = 9
	trial 3: Electrode Conditions = 6, Number of Grains = 19
	trial 4: Electrode Conditions = 4, Number of Grains = 9
	trial 5: Electrode Conditions = 6, Number of Grains = 39
	trial 6: Electrode Conditions = 0, Number of Grains = 39
	trial 7: Electrode Conditions = 9, Number of Grains = 39
	trial 8: Electrode Conditions = 6, Number of Grains = 9
	trial 9: Electrode Conditions = 4, Number of Grains = 39
	trial 10: Electrode Conditions = 4, Number of Grains = 19
	trial 11: Electrode Conditions = 9, Number of Grains = 19
	trial 12: Electrode Conditions = 9, Number of Grains = 9
	trial 13: Electrode Conditions = 0, Number of Grains = 19
	trial 14: Electrode Conditions = 0, Number of Grains = 9
	trial 15: Electrode Conditions = 6, Number of Grains = 19
	trial 16: Electrode Conditions = 4, Number of Grains = 9
	trial 17: Electrode Conditions = 6, Number of Grains = 39
	trial 18: Electrode Conditions = 0, Number of Grains = 39
	trial 19: Electrode Conditions = 9, Number of Grains = 39
	trial 20: Electrode Conditions = 6, Number of Grains = 9
	trial 21: Electrode Conditions = 4, Number of Grains = 39
	trial 22: Electrode Conditions = 4, Number of Grains = 19
	trial 23: Electrode Conditions = 9, Number of Grains = 19
	trial 24: Electrode Conditions = 9, Number of Grains = 9
	trial 25: Electrode Conditions = 0, Number of Grains = 19
	trial 26: Electrode Conditions = 0, Number of Grains = 9
	trial 27: Electrode Conditions = 6, Number of Grains = 19
	trial 28: Electrode Conditions = 4, Number of Grains = 9
	trial 29: Electrode Conditions = 6, Number of Grains = 39
	trial 30: Electrode Conditions = 0, Number of Grains = 39
	trial 31: Electrode Conditions = 9, Number of Grains = 39
	trial 32: Electrode Conditions = 6, Number of Grains = 9
	trial 33: Electrode Conditions = 4, Number of Grains = 39
	trial 34: Electrode Conditions = 4, Number of Grains = 19
	trial 35: Electrode Conditions = 9, Number of Grains = 19
	trial 36: Electrode Conditions = 9, Number of Grains = 9
plan 5:
	trial 1: Electrode Conditions = 9, Number of Grains = 19
	trial 2: Electrode Conditions = 4, Number of Grains = 19
	trial 3: Electrode Conditions = 6, Number of Grains = 19
	trial 4: Electrode Conditions = 9, Number of Grains = 9
	trial 5: Electrode Conditions = 6, Number of Grains = 39
	trial 6: Electrode Conditions = 6, Number of Grains = 9
	trial 7: Electrode Conditions = 9, Number of Grains = 39
	trial 8: Electrode Conditions = 0, Number of Grains = 9
	trial 9: Electrode Conditions = 4, Number of Grains = 39
	trial 10: Electrode Conditions = 4, Number of Grains = 9
	trial 11: Electrode Conditions = 0, Number of Grains = 39
	trial 12: Electrode Conditions = 0, Number of Grains = 19
	trial 13: Electrode Conditions = 9, Number of Grains = 19
	trial 14: Electrode Conditions = 4, Number of Grains = 19
	trial 15: Electrode Conditions = 6, Number of Grains = 19
	trial 16: Electrode Conditions = 9, Number of Grains = 9
	trial 17: Electrode Conditions = 6, Number of Grains = 39
	trial 18: Electrode Conditions = 6, Number of Grains = 9
	trial 19: Electrode Conditions = 9, Number of Grains = 39
	trial 20: Electrode Conditions = 0, Number of Grains = 9
	trial 21: Electrode Conditions = 4, Number of Grains = 39
	trial 22: Electrode Conditions = 4, Number of Grains = 9
	trial 23: Electrode Conditions = 0, Number of Grains = 39
	trial 24: Electrode Conditions = 0, Number of Grains = 19
	trial 25: Electrode Conditions = 9, Number of Grains = 19
	trial 26: Electrode Conditions = 4, Number of Grains = 19
	trial 27: Electrode Conditions = 6, Number of Grains = 19
	trial 28: Electrode Conditions = 9, Number of Grains = 9
	trial 29: Electrode Conditions = 6, Number of Grains = 39
	trial 30: Electrode Conditions = 6, Number of Grains = 9
	trial 31: Electrode Conditions = 9, Number of Grains = 39
	trial 32: Electrode Conditions = 0, Number of Grains = 9
	trial 33: Electrode Conditions = 4, Number of Grains = 39
	trial 34: Electrode Conditions = 4, Number of Grains = 9
	trial 35: Electrode Conditions = 0, Number of Grains = 39
	trial 36: Electrode Conditions = 0, Number of Grains = 19
plan 6:
	trial 1: Electrode Conditions = 0, Number of Grains = 19
	trial 2: Electrode Conditions = 0, Number of Grains = 9
	trial 3: Electrode Conditions = 6, Number of Grains = 19
	trial 4: Electrode Conditions = 4, Number of Grains = 19
	trial 5: Electrode Conditions = 6, Number of Grains = 39
	trial 6: Electrode Conditions = 4, Number of Grains = 39
	trial 7: Electrode Conditions = 9, Number of Grains = 39
	trial 8: Electrode Conditions = 9, Number of Grains = 19
	trial 9: Electrode Conditions = 6, Number of Grains = 9
	trial 10: Electrode Conditions = 4, Number of Grains = 9
	trial 11: Electrode Conditions = 0, Number of Grains = 39
	trial 12: Electrode Conditions = 9, Number of Grains = 9
	trial 13: Electrode Conditions = 0, Number of Grains = 19
	trial 14: Electrode Conditions = 0, Number of Grains = 9
	trial 15: Electrode Conditions = 6, Number of Grains = 19
	trial 16: Electrode Conditions = 4, Number of Grains = 19
	trial 17: Electrode Conditions = 6, Number of Grains = 39
	trial 18: Electrode Conditions = 4, Number of Grains = 39
	trial 19: Electrode Conditions = 9, Number of Grains = 39
	trial 20: Electrode Conditions = 9, Number of Grains = 19
	trial 21: Electrode Conditions = 6, Number of Grains = 9
	trial 22: Electrode Conditions = 4, Number of Grains = 9
	trial 23: Electrode Conditions = 0, Number of Grains = 39
	trial 24: Electrode Conditions = 9, Number of Grains = 9
	trial 25: Electrode Conditions = 0, Number of Grains = 19
	trial 26: Electrode Conditions = 0, Number of Grains = 9
	trial 27: Electrode Conditions = 6, Number of Grains = 19
	trial 28: Electrode Conditions = 4, Number of Grains = 19
	trial 29: Electrode Conditions = 6, Number of Grains = 39
	trial 30: Electrode Conditions = 4, Number of Grains = 39
	trial 31: Electrode Conditions = 9, Number of Grains = 39
	trial 32: Electrode Conditions = 9, Number of Grains = 19
	trial 33: Electrode Conditions = 6, Number of Grains = 9
	trial 34: Electrode Conditions = 4, Number of Grains = 9
	trial 35: Electrode Conditions = 0, Number of Grains = 39
	trial 36: Electrode Conditions = 9, Number of Grains = 9
plan 7:
	trial 1: Electrode Conditions = 0, Number of Grains = 19
	trial 2: Electrode Conditions = 9, Number of Grains = 39
	trial 3: Electrode Conditions = 6, Number of Grains = 39
	trial 4: Electrode Conditions = 4, Number of Grains = 9
	trial 5: Electrode Conditions = 9, Number of Grains = 9
	trial 6: Electrode Conditions = 0, Number of Grains = 39
	trial 7: Electrode Conditions = 6, Number of Grains = 19
	trial 8: Electrode Conditions = 0, Number of Grains = 9
	trial 9: Electrode Conditions = 6, Number of Grains = 9
	trial 10: Electrode Conditions = 4, Number of Grains = 19
	trial 11: Electrode Conditions = 9, Number of Grains = 19
	trial 12: Electrode Conditions = 4, Number of Grains = 39
	trial 13: Electrode Conditions = 0, Number of Grains = 19
	trial 14: Electrode Conditions = 9, Number of Grains = 39
	trial 15: Electrode Conditions = 6, Number of Grains = 39
	trial 16: Electrode Conditions = 4, Number of Grains = 9
	trial 17: Electrode Conditions = 9, Number of Grains = 9
	trial 18: Electrode Conditions = 0, Number of Grains = 39
	trial 19: Electrode Conditions = 6, Number of Grains = 19
	trial 20: Electrode Conditions = 0, Number of Grains = 9
	trial 21: Electrode Conditions = 6, Number of Grains = 9
	trial 22: Electrode Conditions = 4, Number of Grains = 19
	trial 23: Electrode Conditions = 9, Number of Grains = 19
	trial 24: Electrode Conditions = 4, Number of Grains = 39
	trial 25: Electrode Conditions = 0, Number of Grains = 19
	trial 26: Electrode Conditions = 9, Number of Grains = 39
	trial 27: Electrode Conditions = 6, Number of Grains = 39
	trial 28: Electrode Conditions = 4, Number of Grains = 9
	trial 29: Electrode Conditions = 9, Number of Grains = 9
	trial 30: Electrode Conditions = 0, Number of Grains = 39
	trial 31: Electrode Conditions = 6, Number of Grains = 19
	trial 32: Electrode Conditions = 0, Number of Grains = 9
	trial 33: Electrode Conditions = 6, Number of Grains = 9
	trial 34: Electrode Conditions = 4, Number of Grains = 19
	trial 35: Electrode Conditions = 9, Number of Grains = 19
	trial 36: Electrode Conditions = 4, Number of Grains = 39
plan 8:
	trial 1: Electrode Conditions = 9, Number of Grains = 19
	trial 2: Electrode Conditions = 9, Number of Grains = 39
	trial 3: Electrode Conditions = 6, Number of Grains = 39
	trial 4: Electrode Conditions = 4, Number of Grains = 19
	trial 5: Electrode Conditions = 9, Number of Grains = 9
	trial 6: Electrode Conditions = 6, Number of Grains = 9
	trial 7: Electrode Conditions = 6, Number of Grains = 19
	trial 8: Electrode Conditions = 0, Number of Grains = 9
	trial 9: Electrode Conditions = 4, Number of Grains = 39
	trial 10: Electrode Conditions = 4, Number of Grains = 9
	trial 11: Electrode Conditions = 0, Number of Grains = 39
	trial 12: Electrode Conditions = 0, Number of Grains = 19
	trial 13: Electrode Conditions = 9, Number of Grains = 19
	trial 14: Electrode Conditions = 9, Number of Grains = 39
	trial 15: Electrode Conditions = 6, Number of Grains = 39
	trial 16: Electrode Conditions = 4, Number of Grains = 19
	trial 17: Electrode Conditions = 9, Number of Grains = 9
	trial 18: Electrode Conditions = 6, Number of Grains = 9
	trial 19: Electrode Conditions = 6, Number of Grains = 19
	trial 20: Electrode Conditions = 0, Number of Grains = 9
	trial 21: Electrode Conditions = 4, Number of Grains = 39
	trial 22: Electrode Conditions = 4, Number of Grains = 9
	trial 23: Electrode Conditions = 0, Number of Grains = 39
	trial 24: Electrode Conditions = 0, Number of Grains = 19
	trial 25: Electrode Conditions = 9, Number of Grains = 19
	trial 26: Electrode Conditions = 9, Number of Grains = 39
	trial 27: Electrode Conditions = 6, Number of Grains = 39
	trial 28: Electrode Conditions = 4, Number of Grains = 19
	trial 29: Electrode Conditions = 9, Number of Grains = 9
	trial 30: Electrode Conditions = 6, Number of Grains = 9
	trial 31: Electrode Conditions = 6, Number of Grains = 19
	trial 32: Electrode Conditions = 0, Number of Grains = 9
	trial 33: Electrode Conditions = 4, Number of Grains = 39
	trial 34: Electrode Conditions = 4, Number of Grains = 9
	trial 35: Electrode Conditions = 0, Number of Grains = 39
	trial 36: Electrode Conditions = 0, Number of Grains = 19
plan 9:
	trial 1: Electrode Conditions = 6, Number of Grains = 19
	trial 2: Electrode Conditions = 0, Number of Grains = 9
	trial 3: Electrode Conditions = 4, Number of Grains = 9
	trial 4: Electrode Conditions = 4, Number of Grains = 19
	trial 5: Electrode Conditions = 9, Number of Grains = 39
	trial 6: Electrode Conditions = 4, Number of Grains = 39
	trial 7: Electrode Conditions = 0, Number of Grains = 39
	trial 8: Electrode Conditions = 6, Number of Grains = 9
	trial 9: Electrode Conditions = 0, Number of Grains = 19
	trial 10: Electrode Conditions = 6, Number of Grains = 39
	trial 11: Electrode Conditions = 9, Number of Grains = 19
	trial 12: Electrode Conditions = 9, Number of Grains = 9
	trial 13: Electrode Conditions = 6, Number of Grains = 19
	trial 14: Electrode Conditions = 0, Number of Grains = 9
	trial 15: Electrode Conditions = 4, Number of Grains = 9
	trial 16: Electrode Conditions = 4, Number of Grains = 19
	trial 17: Electrode Conditions = 9, Number of Grains = 39
	trial 18: Electrode Conditions = 4, Number of Grains = 39
	trial 19: Electrode Conditions = 0, Number of Grains = 39
	trial 20: Electrode Conditions = 6, Number of Grains = 9
	trial 21: Electrode Conditions = 0, Number of Grains = 19
	trial 22: Electrode Conditions = 6, Number of Grains = 39
	trial 23: Electrode Conditions = 9, Number of Grains = 19
	trial 24: Electrode Conditions = 9, Number of Grains = 9
	trial 25: Electrode Conditions = 6, Number of Grains = 19
	trial 26: Electrode Conditions = 0, Number of Grains = 9
	trial 27: Electrode Conditions = 4, Number of Grains = 9
	trial 28: Electrode Conditions = 4, Number of Grains = 19
	trial 29: Electrode Conditions = 9, Number of Grains = 39
	trial 30: Electrode Conditions = 4, Number of Grains = 39
	trial 31: Electrode Conditions = 0, Number of Grains = 39
	trial 32: Electrode Conditions = 6, Number of Grains = 9
	trial 33: Electrode Conditions = 0, Number of Grains = 19
	trial 34: Electrode Conditions = 6, Number of Grains = 39
	trial 35: Electrode Conditions = 9, Number of Grains = 19
	trial 36: Electrode Conditions = 9, Number of Grains = 9
plan 10:
	trial 1: Electrode Conditions = 0, Number of Grains = 19
	trial 2: Electrode Conditions = 4, Number of Grains = 19
	trial 3: Electrode Conditions = 6, Number of Grains = 19
	trial 4: Electrode Conditions = 4, Number of Grains = 9
	trial 5: Electrode Conditions = 9, Number of Grains = 39
	trial 6: Electrode Conditions = 4, Number of Grains = 39
	trial 7: Electrode Conditions = 0, Number of Grains = 39
	trial 8: Electrode Conditions = 9, Number of Grains = 19
	trial 9: Electrode Conditions = 6, Number of Grains = 9
	trial 10: Electrode Conditions = 6, Number of Grains = 39
	trial 11: Electrode Conditions = 0, Number of Grains = 9
	trial 12: Electrode Conditions = 9, Number of Grains = 9
	trial 13: Electrode Conditions = 0, Number of Grains = 19
	trial 14: Electrode Conditions = 4, Number of Grains = 19
	trial 15: Electrode Conditions = 6, Number of Grains = 19
	trial 16: Electrode Conditions = 4, Number of Grains = 9
	trial 17: Electrode Conditions = 9, Number of Grains = 39
	trial 18: Electrode Conditions = 4, Number of Grains = 39
	trial 19: Electrode Conditions = 0, Number of Grains = 39
	trial 20: Electrode Conditions = 9, Number of Grains = 19
	trial 21: Electrode Conditions = 6, Number of Grains = 9
	trial 22: Electrode Conditions = 6, Number of Grains = 39
	trial 23: Electrode Conditions = 0, Number of Grains = 9
	trial 24: Electrode Conditions = 9, Number of Grains = 9
	trial 25: Electrode Conditions = 0, Number of Grains = 19
	trial 26: Electrode Conditions = 4, Number of Grains = 19
	trial 27: Electrode Conditions = 6, Number of Grains = 19
	trial 28: Electrode Conditions = 4, Number of Grains = 9
	trial 29: Electrode Conditions = 9, Number of Grains = 39
	trial 30: Electrode Conditions = 4, Number of Grains = 39
	trial 31: Electrode Conditions = 0, Number of Grains = 39
	trial 32: Electrode Conditions = 9, Number of Grains = 19
	trial 33: Electrode Conditions = 6, Number of Grains = 9
	trial 34: Electrode Conditions = 6, Number of Grains = 39
	trial 35: Electrode Conditions = 0, Number of Grains = 9
	trial 36: Electrode Conditions = 9, Number of Grains = 9
plan 11:
	trial 1: Electrode Conditions = 9, Number of Grains = 19
	trial 2: Electrode Conditions = 4, Number of Grains = 19
	trial 3: Electrode Conditions = 6, Number of Grains = 39
	trial 4: Electrode Conditions = 9, Number of Grains = 9
	trial 5: Electrode Conditions = 9, Number of Grains = 39
	trial 6: Electrode Conditions = 6, Number of Grains = 9
	trial 7: Electrode Conditions = 6, Number of Grains = 19
	trial 8: Electrode Conditions = 0, Number of Grains = 9
	trial 9: Electrode Conditions = 0, Number of Grains = 19
	trial 10: Electrode Conditions = 4, Number of Grains = 9
	trial 11: Electrode Conditions = 0, Number of Grains = 39
	trial 12: Electrode Conditions = 4, Number of Grains = 39
	trial 13: Electrode Conditions = 9, Number of Grains = 19
	trial 14: Electrode Conditions = 4, Number of Grains = 19
	trial 15: Electrode Conditions = 6, Number of Grains = 39
	trial 16: Electrode Conditions = 9, Number of Grains = 9
	trial 17: Electrode Conditions = 9, Number of Grains = 39
	trial 18: Electrode Conditions = 6, Number of Grains = 9
	trial 19: Electrode Conditions = 6, Number of Grains = 19
	trial 20: Electrode Conditions = 0, Number of Grains = 9
	trial 21: Electrode Conditions = 0, Number of Grains = 19
	trial 22: Electrode Conditions = 4, Number of Grains = 9
	trial 23: Electrode Conditions = 0, Number of Grains = 39
	trial 24: Electrode Conditions = 4, Number of Grains = 39
	trial 25: Electrode Conditions = 9, Number of Grains = 19
	trial 26: Electrode Conditions = 4, Number of Grains = 19
	trial 27: Electrode Conditions = 6, Number of Grains = 39
	trial 28: Electrode Conditions = 9, Number of Grains = 9
	trial 29: Electrode Conditions = 9, Number of Grains = 39
	trial 30: Electrode Conditions = 6, Number of Grains = 9
	trial 31: Electrode Conditions = 6, Number of Grains = 19
	trial 32: Electrode Conditions = 0, Number of Grains = 9
	trial 33: Electrode Conditions = 0, Number of Grains = 19
	trial 34: Electrode Conditions = 4, Number of Grains = 9
	trial 35: Electrode Conditions = 0, Number of Grains = 39
	trial 36: Electrode Conditions = 4, Number of Grains = 39
plan 12:
	trial 1: Electrode Conditions = 6, Number of Grains = 19
	trial 2: Electrode Conditions = 0, Number of Grains = 9
	trial 3: Electrode Conditions = 6, Number of Grains = 39
	trial 4: Electrode Conditions = 4, Number of Grains = 9
	trial 5: Electrode Conditions = 9, Number of Grains = 9
	trial 6: Electrode Conditions = 0, Number of Grains = 39
	trial 7: Electrode Conditions = 9, Number of Grains = 39
	trial 8: Electrode Conditions = 6, Number of Grains = 9
	trial 9: Electrode Conditions = 4, Number of Grains = 39
	trial 10: Electrode Conditions = 4, Number of Grains = 19
	trial 11: Electrode Conditions = 9, Number of Grains = 19
	trial 12: Electrode Conditions = 0, Number of Grains = 19
	trial 13: Electrode Conditions = 6, Number of Grains = 19
	trial 14: Electrode Conditions = 0, Number of Grains = 9
	trial 15: Electrode Conditions = 6, Number of Grains = 39
	trial 16: Electrode Conditions = 4, Number of Grains = 9
	trial 17: Electrode Conditions = 9, Number of Grains = 9
	trial 18: Electrode Conditions = 0, Number of Grains = 39
	trial 19: Electrode Conditions = 9, Number of Grains = 39
	trial 20: Electrode Conditions = 6, Number of Grains = 9
	trial 21: Electrode Conditions = 4, Number of Grains = 39
	trial 22: Electrode Conditions = 4, Number of Grains = 19
	trial 23: Electrode Conditions = 9, Number of Grains = 19
	trial 24: Electrode Conditions = 0, Number of Grains = 19
	trial 25: Electrode Conditions = 6, Number of Grains = 19
	trial 26: Electrode Conditions = 0, Number of Grains = 9
	trial 27: Electrode Conditions = 6, Number of Grains = 39
	trial 28: Electrode Conditions = 4, Number of Grains = 9
	trial 29: Electrode Conditions = 9, Number of Grains = 9
	trial 30: Electrode Conditions = 0, Number of Grains = 39
	trial 31: Electrode Conditions = 9, Number of Grains = 39
	trial 32: Electrode Conditions = 6, Number of Grains = 9
	trial 33: Electrode Conditions = 4, Number of Grains = 39
	trial 34: Electrode Conditions = 4, Number of Grains = 19
	trial 35: Electrode Conditions = 9, Number of Grains = 19
	trial 36: Electrode Conditions = 0, Number of Grains = 19
 

***ASSIGNMENT***

    pid  plan
0     1     1
1     2     9
2     3    10
3     4     5
4     5     0
5     6    11
6     7     8
7     8     7
8     9     2
9    10     4
10   11     6
11   12     3
