***EXPERIMENT PLANS***

plan 1:
	trial 1: shape = small
	trial 2: shape = horizontal
	trial 3: shape = large
	trial 4: shape = vertical
	trial 5: shape = triangle
	trial 6: shape = small
	trial 7: shape = horizontal
	trial 8: shape = large
	trial 9: shape = vertical
	trial 10: shape = triangle
	trial 11: shape = small
	trial 12: shape = horizontal
	trial 13: shape = large
	trial 14: shape = vertical
	trial 15: shape = triangle
 

***ASSIGNMENT***

    pid  plan
0     1     0
1     2     0
2     3     0
3     4     0
4     5     0
5     6     0
6     7     0
7     8     0
8     9     0
9    10     0
10   11     0
11   12     0
